WARNING: : Testing 123
ERROR: EPUB/lorem.opf(13,63): Spine item with non-standard media-type 'font/opentype' has no fallback.
